SQL> conn / as sysdba
已连接。
SQL> create tablespace stu1_tbs
  2  datafile 'd:\data\stu001.dbf' size 5m
  3  autoextend on next 128k maxsize 20m;
create tablespace stu1_tbs
*
第 1 行出现错误: 
ORA-01537: 无法添加数据文件 'd:\data\stu001.dbf' - 文件已是数据库的一部分 


SQL> create tablespace stu1_tbs
  2  datafile 'd:\data\stu0001.dbf' size 5m
  3  autoextend on next 128k maxsize 20m;

表空间已创建。

SQL> create user stu1_user identified by sabc
  2  default tablespace stu1_tbs;

用户已创建。

SQL> grant connect,resource to stu1_user;

授权成功。

SQL> conn stu1_user/sabc
已连接。
SQL> create table class
  2  (
  3  cno char(4) primary key,
  4  cname varchar2(20) not null
  5  );

表已创建。

SQL> create table student
  2  (
  3  sno char(5) primary key,
  4  sname varchar2(20) not null,
  5  ssex char(2) check(ssex in('男','女')),
  6  sbirthday date not null,
  7  cno char(4) references class(cno)
  8  );

表已创建。

SQL> insert into class(cno,cname) values('1201','软件技术121301');

已创建 1 行。

SQL> insert into class(cno,cname) values('1202','软件技术121301');

已创建 1 行。

SQL> insert into class(cno,cname) values('1203','微软合作班121301');

已创建 1 行。

SQL> alter session set nls_date_format='yyyy-mm-dd';

会话已更改。

SQL> insert into student(sno,sname,ssex,sbrithday,cno) values('12201','张润发','男','1993-12-26','1202');
insert into student(sno,sname,ssex,sbrithday,cno) values('12201','张润发','男','1993-12-26','1202')
                                   *
第 1 行出现错误: 
ORA-00904: "SBRITHDAY": 标识符无效 


SQL> insert into student(sno,sname,ssex,sbirthday,cno) values('12201','张润发','男','1993-12-26','1202');

已创建 1 行。

SQL> insert into student(sno,sname,ssex,sbirthday,cno) values('12202','李洁','女','1993-8-1','1202');

已创建 1 行。

SQL> insert into student(sno,sname,ssex,sbirthday,cno) values('12101','王小丫','女','1994-11-5','1201');

已创建 1 行。

SQL> create table student_bak as select * from student
  2  where 1=2;

表已创建。

SQL> update student set sbirthday='1994-8-1'
  2  where sno='12101';

已更新 1 行。

SQL> delete from class
  2  where cno='1203';

已删除 1 行。

SQL> select sno,sname,student.cno
  2  from student
  3  order by cno;

SNO   SNAME                CNO                                                  
----- -------------------- ----                                                 
12101 王小丫               1201                                                 
12201 张润发               1202                                                 
12202 李洁                 1202                                                 

SQL> select sno,sname,cname
  2  from student join class on student.cno=class.cno
  3  ;

SNO   SNAME                CNAME                                                
----- -------------------- --------------------                                 
12201 张润发               软件技术121301                                       
12202 李洁                 软件技术121301                                       
12101 王小丫               软件技术121301                                       

SQL> conn / as sysdba
已连接。
SQL> grant create view to stu1_user;

授权成功。

SQL> conn stu1_user/sabc
已连接。
SQL> create view v1 select * from student where ssex='男';
create view v1 select * from student where ssex='男'
               *
第 1 行出现错误: 
ORA-00905: 缺失关键字 


SQL> spool off
