SQL> conn /as sysdba
已连接。

SQL> create tablespace stu_tbs
  2  datafile 'd:\data\stu001.dbf' size 5M reuse
  3  autoextend on next 128K maxsize 20M;

表空间已创建。

SQL> create user stu_user identified by sabc
  2  default tablespace stu_tbs;

用户已创建。

SQL> grant connect,resource to stu_user;

授权成功。

SQL> create table class
  2  (
  3  cno char(4) primary key,
  4  cname varchar2(20) not null
  5  );

表已创建。

SQL> create table student
  2  (
  3  sno char(5) primary key,
  4  sname varchar2(20) not null,
  5  ssex char(2) check(ssex in('男','女')),
  6  sbirthday date not null,
  7  cno char(4) references class(cno)
  8  );

表已创建。


SQL> insert into class(cno,cname) values ('1201','软件技术121301');

已创建 1 行。

SQL> insert into class(cno,cname) values ('1202','软件开发121301');

已创建 1 行。

SQL> insert into class(cno,cname) values ('1203','微软合作班121301');

已创建 1 行。

SQL> alter session set nls_date_format='yyyy-mm-dd';

会话已更改。

SQL> insert into student(sno,sname,ssex,sbirthday,cno) values ('12201','张润发','男','1993-12-26','1202');

已创建 1 行。

SQL> insert into student(sno,sname,ssex,sbirthday,cno) values ('12202','李洁','女','191994-11-5','1201')
  2  ;
insert into student(sno,sname,ssex,sbirthday,cno) values ('12202','李洁','女','191994-11-5','1201')
                                                                              *
第 1 行出现错误: 
ORA-01861: 文字与格式字符串不匹配 


SQL> insert into student(sno,sname,ssex,sbirthday,cno) values ('12202','李洁','女','191994-11-5','1201');
insert into student(sno,sname,ssex,sbirthday,cno) values ('12202','李洁','女','191994-11-5','1201')
                                                                              *
第 1 行出现错误: 
ORA-01861: 文字与格式字符串不匹配 


SQL> insert into student(sno,sname,ssex,sbirthday,cno) values ('12202','李洁','女','1994-11-5','1201');

已创建 1 行。

SQL> insert into student(sno,sname,ssex,sbirthday,cno) values ('12203','王小丫','女','1994-11-5','1201');

已创建 1 行。

SQL> update student
  2  set sbirthday='1993-8-1'
  3  where sno='12202';

已更新 1 行。

SQL> update student
  2  set cno='1202'
  3  where sno='12202';

已更新 1 行。

SQL> create table student_bak as select * from student where 1=2;

表已创建。

SQL> update student
  2  set sbirthday='1994-8-1'
  3  where sno='12101;'
  4  ;

已更新0行。

SQL> update student
  2  set sbirthday='1994-8-1'
  3  where sno='12101';

已更新0行。

SQL> update student set sno='12101'where cno='1201';

已更新 1 行。

SQL> update student
  2  set sbirthday='1994-8-1'
  3  where sno='12101';

已更新 1 行。

SQL> delete from class where cno='1203';

已删除 1 行。

SQL> select sno,sname,cno from student
  2  order by cno;

SNO   SNAME                CNO                                                  
----- -------------------- ----                                                 
12101 王小丫               1201                                                 
12201 张润发               1202                                                 
12202 李洁                 1202                                                 

SQL> select sno,sname,cname from class join student on class.cno=student.cno;

SNO   SNAME                CNAME                                                
----- -------------------- --------------------                                 
12201 张润发               软件开发121301                                       
12202 李洁                 软件开发121301                                       
12101 王小丫               软件技术121301                                       

SQL> conn /as sysdba
已连接。
SQL> grant create view to stu_user;

授权成功。

SQL> conn stu_user/sabc
已连接。
SQL> create view v1 as select * from student
  2  where ssex='男';

视图已创建。

SQL> create index sbirthday_idx on student(sbirthday);

索引已创建。

SQL> conn / as sysdba
已连接。
SQL> create public synonym class for stu_user.class;

同义词已创建。

SQL> conn stu_user/sabc
已连接。
SQL> create table test
  2  (
  3  stuno integer,
  4  stuname char(8)
  5  );

表已创建。

SQL> create sequence sq1;

序列已创建。

SQL> insert into test(stuno,stuname) values(sq1.nextval,'张三');

已创建 1 行。

SQL> insert into test(stuno,stuname) values(sq1.nextval,'里斯');

已创建 1 行。

SQL> select * from test;

     STUNO STUNAME                                                              
---------- --------                                                             
         1 张三                                                                 
         2 里斯                                                                 

SQL> spool off
