SQL> create tablespace stu_tbs
  2  datafile 'd:\data\stu001.dbf
  3  size 5M autoextend on
  4  next 128k maxsize 20M;
SP2-0640: 未连接
SQL> conn/as sysdba
已连接。
SQL> create tablespace stu_tbs
  2  datafile 'd:\data\stu001.dbf
  3  size 5M autoextend on
  4  next 128k maxsize 20M;
datafile 'd:\data\stu001.dbf
         *
第 2 行出现错误: 
ORA-01756: 引号内的字符串没有正确结束 


SQL> create tablespace stu_tbs
  2  datafile 'd:\data\stu001.dbf'
  3  size 5M autoextend on
  4  next 128k maxsize 20M;

表空间已创建。

SQL> create user stu_user identified sabc
  2  default tablespace stu_tbs;
create user stu_user identified sabc
                                *
第 1 行出现错误: 
ORA-00924: 缺失 BY 关键字 


SQL> create user stu_user identified by sabc
  2  default tablespace stu_tbs;

用户已创建。

SQL> grant connect to stu_user;

授权成功。

SQL> grant resource to stu_user;

授权成功。

SQL> conn stu_user/sabc
已连接。
SQL> create table class
  2  (
  3  cno char(4) primary key,
  4  cname varchar2(20) not null
  5  );

表已创建。

SQL> create table student
  2  (
  3  sno char(5) primary key,
  4  sname varchar2(20) not null,
  5  ssex char(2) check(ssex in ('男','女')),
  6  sbirthday date not null,
  7  cno char(4) references class(cno)
  8  );

表已创建。

SQL> insert into class values('1201','软件技术121301');

已创建 1 行。

SQL> insert into class values('1202','软件技术121301');

已创建 1 行。

SQL> insert into class values('1203','微软合作班121301');

已创建 1 行。

SQL> alter session sey nls_date_format='yyyy-mm-dd';
alter session sey nls_date_format='yyyy-mm-dd'
              *
第 1 行出现错误: 
ORA-00922: 选项缺失或无效 


SQL> alter session set nls_date_format='yyyy-mm-dd';

会话已更改。

SQL> insert into student values('12201','张润发','男','1993-12-26','1202');

已创建 1 行。

SQL> insert into student values('12202','李洁','女','1993-8-1','1202');

已创建 1 行。

SQL> insert into student values('12202','王小丫','女','1994-11-5','1201');
insert into student values('12202','王小丫','女','1994-11-5','1201')
*
第 1 行出现错误: 
ORA-00001: 违反唯一约束条件 (STU_USER.SYS_C005015) 


SQL> insert into student values('12101','王小丫','女','1994-11-5','1201');

已创建 1 行。

SQL> create table student_bak
  2  as
  3  select * from student where 1=2;

表已创建。

SQL> update student set sbirthday='1994-8-1' where sno='12101';

已更新 1 行。

SQL> delete class where cno='1203';

已删除 1 行。

SQL> select sno,sname,cno
  2  from student
  3  order by cno;

SNO   SNAME                CNO                                                  
----- -------------------- ----                                                 
12101 王小丫               1201                                                 
12201 张润发               1202                                                 
12202 李洁                 1202                                                 

SQL> select sno,sname,cname
  2  from student join class on student.cno=class.cno;

SNO   SNAME                CNAME                                                
----- -------------------- --------------------                                 
12201 张润发               软件技术121301                                       
12202 李洁                 软件技术121301                                       
12101 王小丫               软件技术121301                                       

SQL> create view v1
  2  as
  3  select*from student where ssex='男';

视图已创建。

SQL> create index sbirthday_idx on student(sbirthday,desc);
create index sbirthday_idx on student(sbirthday,desc)
                                                *
第 1 行出现错误: 
ORA-00936: 缺失表达式 


SQL> create index sbirthday_idx to student(sbirthday,desc);
create index sbirthday_idx to student(sbirthday,desc)
                           *
第 1 行出现错误: 
ORA-00969: 缺失 ON 关键字 


SQL> create index sbirthday_idx on student(sbirthday,desc);
create index sbirthday_idx on student(sbirthday,desc)
                                                *
第 1 行出现错误: 
ORA-00936: 缺失表达式 


SQL> conn/as sysdba;
已连接。
SQL> create or replace public synonym class for stu_user.clss;

同义词已创建。

SQL> create table test
  2  (
  3  stuNo integer
  4  ,stuName char(8)
  5  );

表已创建。

SQL> craete sequence sql
SP2-0734: 未知的命令开头 "craete seq..." - 忽略了剩余的行。
SQL> create sequence sql
  2  start 1
  3  ircement 1;
start 1
      *
第 2 行出现错误: 
ORA-00970: 缺失 WITH 关键字 


SQL> create sequence sql
  2  start with 1
  3  ircement with 1;
ircement with 1
*
第 3 行出现错误: 
ORA-00933: SQL 命令未正确结束 


SQL> create sequence sql
  2  start with 1
  3  ircement 1;
ircement 1
*
第 3 行出现错误: 
ORA-00933: SQL 命令未正确结束 


SQL> craete sequence sql
SP2-0734: 未知的命令开头 "craete seq..." - 忽略了剩余的行。
SQL> create sequence sql
  2  start with 1;

序列已创建。

SQL> insert into test values(sql.nextval,'a');

已创建 1 行。

SQL> insert into test values(sql.nextval,'b');

已创建 1 行。

SQL> select * from test;

     STUNO STUNAME                                                              
---------- --------                                                             
         1 a                                                                    
         2 b                                                                    

SQL> spool off
