SQL> conn / as sysdba
已连接。
SQL> create tablespace stu1_tbs
  2  datafile 'd:\data\stu002.dbf' size 5M reuse
  3  autoextend on next 128K maxsize 20M;

表空间已创建。
SQL> create user stu1_user identified by sabc;

用户已创建。

SQL> grant connect,resource to stu1_user;

授权成功。

SQL> create table class
  2  (
  3  cno char(4) primary key,
  4  cname varchar2(20) not null
  5  );
create table class
             *
第 1 行出现错误: 
ORA-00955: 名称已由现有对象使用 


SQL> create table class1
  2  (
  3  cno char(4) primary key,
  4  cname varchar2(20) not null
  5  );

表已创建。
SQL> create table student
  2  (
  3  sno char(5) primary key,
  4  ssex char(2) check (ssex in ('男','女')),
  5  sname varchar2(20) not null,
  6  sbirthday date not null
  7  );

表已创建。
SQL> insert into class values('1201','软件技术121301');

已创建 1 行。

SQL> insert into class values('1202','软件开发121301');

已创建 1 行。

SQL> insert into class values('1203','微软合作班121301');

已创建 1 行。

SQL> alter session set nls_date_format='yyy-mm-dd';

会话已更改。

SQL> insert into student values('12201','张润发','男','1993-12-26','1202');
insert into student values('12201','张润发','男','1993-12-26','1202')
            *
第 1 行出现错误: 
ORA-00913: 值过多 


SQL> insert into student values('12201','张润发','男','1993-12-26','1202');
insert into student values('12201','张润发','男','1993-12-26','1202')
            *
第 1 行出现错误: 
ORA-00913: 值过多 


SQL> insert into student values('12202','李洁','女','1993-8-1','1202');
insert into student values('12202','李洁','女','1993-8-1','1202')
            *
第 1 行出现错误: 
ORA-00913: 值过多 


SQL> insert into student values('12203','王小丫','女','1994-11-5','1201');
insert into student values('12203','王小丫','女','1994-11-5','1201')
            *
第 1 行出现错误: 
ORA-00913: 值过多 


SQL> create table student_bak
  2  as
  3  select * from student where 1=2;

表已创建。

SQL> update student set sbirthday='1994-8-1' where sno='12101';

已更新0行。

SQL> delete class1 where cno='1203';

已删除0行。

SQL> select sno,sname,cno
  2  from student
  3  order by cno;
select sno,sname,cno
                 *
第 1 行出现错误: 
ORA-00904: "CNO": 标识符无效 


SQL> select sno,sname,cname
  2  from student join class on student.cno=class1.cno;
from student join class on student.cno=class1.cno
                                       *
第 2 行出现错误: 
ORA-00904: "CLASS1"."CNO": 标识符无效 


SQL> create view v1
  2 as
  3 select * from student where ssex='男';

视图已创建。

SQL> create index sbirthday_idx on student(sbirthday desc);

索引已创建。

SQL> conn / as sysdba
已连接。
SQL> create or replace public synonym class for stu_user.class;

同义词已创建。

SQL> create table test
  2  (
  3  stuno integer,
  4  stuname char(8)
  5  );

表已创建。

SQL> create sequence sq1;

序列已创建。

SQL> insert into test values(sq1.nextval,'aa');

已创建 1 行。

SQL> insert into test values(sq1.nextval,'bb');

已创建 1 行。

SQL> select *from test;

     STUNO STUNAME                                                              
---------- --------                                                             
         1 aa                                                                   
         2 bb                                                                   

SQL> spool off
