SQL> conn /as sysdba
已连接。
SQL> cteate tablespace stu_tbs
SP2-0734: 未知的命令开头 "cteate tab..." - 忽略了剩余的行。
SQL> create tablespace stu_tbs
  2  datafile'D:\Data\stu001.dbf SIZE 5M
  3  AUTOEXTEND NEXT ON 128K MAXSIZE 20M;
datafile'D:\Data\stu001.dbf SIZE 5M
        *
第 2 行出现错误: 
ORA-01756: 引号内的字符串没有正确结束 


SQL> create tablespace stu_tbs
  2  datafile'D:\Data\stu001.dbf' SIZE 5M
  3  AUTOEXTEND NEXT ON 128K MAXSIZE 20M;
AUTOEXTEND NEXT ON 128K MAXSIZE 20M
           *
第 3 行出现错误: 
ORA-02491: AUTOEXTEND 子句中缺少要求的关键字 ON 或 OFF 


SQL> create tablespace stu_tbs
  2  datafile'D:\Data\stu001.dbf' SIZE 5M
  3  AUTOEXTEND ON NEXT 128K MAXSIZE 20M;

表空间已创建。

SQL> create user stu_user identified by sabc
  2  default tablespace stu_tbs;

用户已创建。

SQL> grant connect,resource to stu_user;

授权成功。

SQL> conn stu_user/sabc
已连接。
SQL> create table class
  2  (
  3  cno char(4) primary key,
  4  cname varchar2(20) not null
  5  );

表已创建。

SQL> create table student
  2  (
  3  sno char(5) primary key,
  4  sname varchar2(20) not null,
  5  ssex char(2) check(ssexin('男'，'女')),
  6  sbirthday date not null,
  7  cno char(4) references class(cno)
  8  );
ssex char(2) check(ssexin('男'，'女')),
                              *
第 5 行出现错误: 
ORA-00911: 无效字符 


SQL> create table student
  2  (
  3  sno char(5) primary key,
  4  sname varchar2(20) not null,
  5  ssex char(2) check(ssexin('男','女')),
  6  sbirthday date not null,
  7  cno char(4) references class(cno)
  8  );
ssex char(2) check(ssexin('男','女')),
                                    *
第 5 行出现错误: 
ORA-00920: 无效的关系运算符 


SQL> create table student
  2  (
  3  sno char(5) primary key,
  4  sname varchar2(20) not null,
  5  ssex char(2) check(ssex in('男'，'女')),
  6  sbirthday date not null,
  7  cno char(4) references class(cno)
  8  );
ssex char(2) check(ssex in('男'，'女')),
                               *
第 5 行出现错误: 
ORA-00911: 无效字符 


SQL> create table student
  2  (
  3  sno char(5) primary key,
  4  sname varchar2(20) not null,
  5  ssex char(2) check(ssex in('男','女')),
  6  sbirthday date not null,
  7  cno char(4) references class(cno)
  8  );

表已创建。

SQL> insert into class values('1201','软件技术121301')；
  2  insert into class values('1202','软件开发121301');
insert into class values('1201','软件技术121301')；
                                                 *
第 1 行出现错误: 
ORA-00911: 无效字符 


SQL> insert into class values('1201','软件技术121301');

已创建 1 行。

SQL> insert into class values('1202','软件开发121301');

已创建 1 行。

SQL> insert into class values('1201','微软合作班121301');
insert into class values('1201','微软合作班121301')
*
第 1 行出现错误: 
ORA-00001: 违反唯一约束条件 (STU_USER.SYS_C005011) 


SQL> insert into class values('1203','微软合作班121301');

已创建 1 行。

SQL> alert session set nls_data_format='yyy-mm-dd';
SP2-0734: 未知的命令开头 "alert sess..." - 忽略了剩余的行。
SQL> alter session set nls_data_format='yyy-mm-dd';
alter session set nls_data_format='yyy-mm-dd'
*
第 1 行出现错误: 
ORA-00922: 选项缺失或无效 


SQL> insert into student values('12201','张润发','男','1993-12-26','1202');
insert into student values('12201','张润发','男','1993-12-26','1202')
                                                 *
第 1 行出现错误: 
ORA-01861: 文字与格式字符串不匹配 


SQL> insert into student values('12201','张润发','男','1993-12-26','1202');
insert into student values('12201','张润发','男','1993-12-26','1202')
                                                 *
第 1 行出现错误: 
ORA-01861: 文字与格式字符串不匹配 


SQL> insert into student values('12201','张润发','男','1993-12-26','1202');
insert into student values('12201','张润发','男','1993-12-26','1202')
                                                 *
第 1 行出现错误: 
ORA-01861: 文字与格式字符串不匹配 


SQL> alert session set nls_data_format='yyy-mm-dd';
SP2-0734: 未知的命令开头 "alert sess..." - 忽略了剩余的行。
SQL> alter session set nls_data_ format='yyy-mm-dd';
alter session set nls_data_ format='yyy-mm-dd'
*
第 1 行出现错误: 
ORA-00922: 选项缺失或无效 


SQL> insert into class values('1203','微软合作班121301');
insert into class values('1203','微软合作班121301')
*
第 1 行出现错误: 
ORA-00001: 违反唯一约束条件 (STU_USER.SYS_C005011) 


SQL> insert into class values('1203','微软合作班121301');
insert into class values('1203','微软合作班121301')
*
第 1 行出现错误: 
ORA-00001: 违反唯一约束条件 (STU_USER.SYS_C005011) 


SQL> alter session set nls_data_format='yyyy-mm-ddd';
alter session set nls_data_format='yyyy-mm-ddd'
*
第 1 行出现错误: 
ORA-00922: 选项缺失或无效 


SQL> insert into student values('12201','张润发','男','1993-12-26','1202');
insert into student values('12201','张润发','男','1993-12-26','1202')
                                                 *
第 1 行出现错误: 
ORA-01861: 文字与格式字符串不匹配 


SQL> insert into student values('12201','张润发','男''1993-12-26','1202');
insert into student values('12201','张润发','男''1993-12-26','1202')
            *
第 1 行出现错误: 
ORA-00947: 没有足够的值 


SQL> insert into student values('12201','张润发','男','1993-12-26','1202');
insert into student values('12201','张润发','男','1993-12-26','1202')
                                                 *
第 1 行出现错误: 
ORA-01861: 文字与格式字符串不匹配 


SQL> spool off
