SQL> conn /as sysdba
已连接。
SQL> CREATE TABLESPACE stuScore_tbs
  2  DATAFILE 'd:\data\stuScore001.dbf'  SIZE 3M
  3  AUTOEXTEND ON NEXT 512K MAXSIZE 10M;
CREATE TABLESPACE stuScore_tbs
*
第 1 行出现错误: 
ORA-01119: 创建数据库文件 'd:\data\stuScore001.dbf' 时出错
ORA-27040: 文件创建错误, 无法创建文件
OSD-04002: 无法打开文件
O/S-Error: (OS 3) 系统找不到指定的路径。 


SQL> CREATE TABLESPACE stuScore_tbs
  2  DATAFILE 'd:\data\stuScore001.dbf'  SIZE 3M
  3  AUTOEXTEND ON NEXT 512K MAXSIZE 10M;

表空间已创建。

SQL> CREATE USER ss_user IDENTIFIED BY ss01
  2  DEFAULT TABLESPACE stuScore_tbs;

用户已创建。

SQL> GRANT connect,resource TO ss_user;

授权成功。

SQL> conn ss_user / ss01
已连接。
SQL> CREATE TABLE student
  2  (
  3  sno CHAR(5) PRIMARY KEY,
  4  sname VARCHAR2(20) NOT NULL,
  5  ssex CHAR(2) CHECK(ssex IN ('男','女')));

表已创建。

SQL> CREATE TABLE course
  2  (
  3  sno CHAR(5) REFERENCES student(sno),
  4  cname VARCHAR2(20) NOT NULL,
  5  score NUMBER(4,1) CHECK(score BETWEEN 0 AND 100));

表已创建。

SQL> INSERT INTO student(sno,sname,ssex) VALUES('12201','张润发',’男’);
INSERT INTO student(sno,sname,ssex) VALUES('12201','张润发',’男’)
                                                            *
第 1 行出现错误: 
ORA-00911: 无效字符 


SQL> INSERT INTO student(sno,sname,ssex) VALUES('12201','张润发','男');

已创建 1 行。

SQL> INSERT INTO student(sno,sname,ssex) VALUES('12202','李洁','女');

已创建 1 行。

SQL> INSERT INTO student(sno,sname,ssex) VALUES('12203','王小丫','女');

已创建 1 行。

SQL> INSERT INTO course(sno,cname,score) VALUES('12201','软件测试','90');

已创建 1 行。

SQL> INSERT INTO course(sno,cname,score) VALUES('12201','Oracle应用','80');

已创建 1 行。

SQL> INSERT INTO course(sno,cname,score) VALUES('12202','Oracle应用','95');

已创建 1 行。

SQL> CREATE TABLE course_bak  AS SELECT * FROM course;

表已创建。

SQL> UPDATE  course  SET  score = score + 2 WHERE sno＝'12201';
UPDATE  course  SET  score = score + 2 WHERE sno＝'12201'
                                                *
第 1 行出现错误: 
ORA-00911: 无效字符 


SQL> UPDATE  course  SET  score = score + 2 WHERE sno='12201';

已更新2行。

SQL> DELETE course WHERE sno='12202';

已删除 1 行。
                                         

SQL> SELECT sno,cname,score
  2  FROM course
  3  ORDER BY sno ASC,score ASC;

SNO   CNAME                     SCORE                                           
----- -------------------- ----------                                           
12201 Oracle应用                   82                                           
12201 软件测试                     92                                           

SQL> SELECT student.sno,sname,cname,score
  2  FROM student JOIN course ON student.sno=course.sno;

SNO   SNAME                CNAME                     SCORE                      
----- -------------------- -------------------- ----------                      
12201 张润发               Oracle应用                   82                      
12201 张润发               软件测试                     92                      

SQL> CREATE OR REPLACE VIEW v1
  2  AS
  3  SELECT * FROM student WHERE ssex='女';

视图已创建。

SQL> CREATE INDEX  score_idx  ON course(score DESC);

索引已创建。

SQL> conn / as sysdba
已连接。
SQL> CREATE OR REPLACE PUBLIC SYNONYM student FOR ss_user.student;

同义词已创建。

SQL> CREATE TABLE test
  2  ( stuNo INTEGER,
  3  stuName  CHAR(8));

表已创建。

SQL> CREATE SEQUENCE sq1
  2  INCREMENT BY 1 START WITH 1;

序列已创建。

SQL> INSERT INTO test(stuNo,stuName) VALUES(sq1.nextval,'王二');

已创建 1 行。

SQL> INSERT INTO test(stuNo,stuName) VALUES(sq1.nextval,'铁蛋');

已创建 1 行。

SQL> SELECT * FROM  test;

     STUNO STUNAME                                                              
---------- --------                                                             
         1 王二                                                                 
         2 铁蛋                                                                 

SQL> SPOOL OFF
