SQL> conn/as sysdba
已连接。
SQL> create tablespace stuScore_tbs
  2  datafile 'd:\data\stuScore001.dbf'size 3M reuse
  3  autoextend on next 512k maxsize 10M;

表空间已创建。

SQL> creat user ss_user identified by ss01
SP2-0734: 未知的命令开头 "creat user..." - 忽略了剩余的行。
SQL> create user ss_user identified by ss01
  2  default tablespace stuScore_tbs
  3  default tablespace stuScore_tbs;
default tablespace stuScore_tbs
        *
第 3 行出现错误: 
ORA-01946: 已经指定 DEFAULT TABLESPACE 


SQL> create user ss_user identified by ss01
  2  default tablespace stuScore_tbs;

用户已创建。

SQL> grant connect,resource to ss_user;

授权成功。

SQL> conn ss_user/ss01
已连接。
SQL> create table student
  2  (
  3  sno char(5) primary key,
  4  sname varchar2(20) not null,
  5  ssex char(2) check(ssex in ('男'，'女'))
  6  );
ssex char(2) check(ssex in ('男'，'女'))
                                *
第 5 行出现错误: 
ORA-00911: 无效字符 


SQL> create table student
  2  (
  3  sno char(5) primary key,
  4  sname varchar2(20) not null,
  5  ssex char(2) check(ssex in ('男','女'))
  6  );

表已创建。

SQL> creat table course
SP2-0734: 未知的命令开头 "creat tabl..." - 忽略了剩余的行。
SQL> create table course
  2  (
  3  sno char(5) references student(sno),
  4  cname varchar2(20) not null,
  5  score number(4,1) check(score between 0 and 100),
  6  primary key(sno,cname)
  7  );

表已创建。

SQL> insert into student values('12201',张润发','男');
ERROR:
ORA-01756: 引号内的字符串没有正确结束 


SQL> insert into student values('12201','张润发','男');

已创建 1 行。

SQL> insert into stydent values('12202','李洁','女');
insert into stydent values('12202','李洁','女')
            *
第 1 行出现错误: 
ORA-00942: 表或视图不存在 


SQL> insert into student values('12202','李洁','女');

已创建 1 行。

SQL> insert into student values('12203','王小丫','女');

已创建 1 行。

SQL> insert into course values('12201','软件测试',90);

已创建 1 行。

SQL> insert into course values('12201','Oracle应用',80);

已创建 1 行。

SQL> insert into course values('12202','Oracle应用',95);

已创建 1 行。

SQL> creat table course_bak
SP2-0734: 未知的命令开头 "creat tabl..." - 忽略了剩余的行。
SQL> create table course_bak
  2  as
  3  select * from course;

表已创建。

SQL> update course set score=score+2 where sno='12201';

已更新2行。

SQL> delete course where sno='12202';

已删除 1 行。

SQL> select sno,cname,score
  2  from course
  3  order by sno desc,scoredesc;
order by sno desc,scoredesc
                  *
第 3 行出现错误: 
ORA-00904: "SCOREDESC": 标识符无效 


SQL> select sno,cname,score
  2  from course
  3  order by sno desc,score desc;

SNO   CNAME                     SCORE                                           
----- -------------------- ----------                                           
12201 软件测试                     92                                           
12201 Oracle应用                   82                                           

SQL> select student.sno,sname,cname,score
  2  from student join course on student.sno=course.sno;

SNO   SNAME                CNAME                     SCORE                      
----- -------------------- -------------------- ----------                      
12201 张润发               Oracle应用                   82                      
12201 张润发               软件测试                     92                      

SQL> create or replace view v1
  2  as
  3  select * from student;

视图已创建。

SQL> create index score_idx on course(score desc);

索引已创建。

SQL> conn/as sysdba
已连接。
SQL> creata or replace public synonym student for
SP2-0734: 未知的命令开头 "creata or ..." - 忽略了剩余的行。
SQL> create or replace public synonym student for
  2  ss_user.student;

同义词已创建。

SQL> create table test
  2  (
  3  stuNo integer,
  4  stuName char(8)
  5  );

表已创建。

SQL> create sequence sq1
  2  start with 1
  3  increment by 1;

序列已创建。

SQL> insert into test values(sq1.nextval,'a');

已创建 1 行。

SQL> insert into test values(sq1.nextval,'b');

已创建 1 行。

SQL> select * from test;

     STUNO STUNAME                                                              
---------- --------                                                             
         1 a                                                                    
         2 b                                                                    

SQL> spool off
