SQL> conn/as sysdba
已连接。
SQL> create tablespace stuScore_tbs
  2  datafile 'd:\data\stuScore001.dbf' size 3M
  3  autoextend on next 512k maxsize 10M;

表空间已创建。

SQL> create user ss_user identified by ss01
  2  default tablespace stuScore_tbs;

用户已创建。

SQL> grant connect,resource to ss_user;

授权成功。

SQL> conn /as sysdba
已连接。

SQL> create table student
  2  (
  3  sno char(5) primary key,
  4  sname varchar2(20) not null,
  5  ssex char(2) check(ssex in('男','女'))
  6  );

表已创建。

SQL> create table course
  2  (
  3  sno char(5) references student(sno),
  4  cname varchar2(20) not null,
  5  score number(4,1) check(score(between 0 and 100))
  6  );
score number(4,1) check(score(between 0 and 100))
                              *
第 5 行出现错误: 
ORA-00936: 缺失表达式 


SQL> edit
已写入 file afiedt.buf

  1  create table course
  2  (
  3  sno char(5) references student(sno),
  4  cname varchar2(20) not null,
  5  score number(4,1) check (score between 0 and 100)
  6* )
  7  ;

表已创建。

SQL> insert into student(sno,sname,ssex) values ('12201','张润发','男');

已创建 1 行。

SQL> insert into student(sno,sname,ssex) values ('12202','李洁','女');

已创建 1 行。

SQL> insert into student(sno,sname,ssex) values ('12203','王小丫','女');

已创建 1 行。

SQL> insert into course(sno,cname,score) values ('12201','软件测试',90);

已创建 1 行。

SQL> insert into course(sno,cname,score) values ('12202','oracle应用',80);

已创建 1 行。

SQL> insert into course(sno,cname,score) values ('12203','oracle应用',95);

已创建 1 行。

SQL> create table course_bak as select * from course;

表已创建。

SQL> update course set score=score+2
  2  where sno ='12201';

已更新 1 行。

SQL> delete from course where sno='12202';

已删除 1 行。

SQL> select sno,cname,score from course
  2  order by sno,score;

SNO   CNAME                     SCORE                                           
----- -------------------- ----------                                           
12201 软件测试                     92                                           
12203 oracle应用                   95                                           

SQL> select student.sno,sname,score
  2  from student join course on student.sno=course.sno;

SNO   SNAME                     SCORE                                           
----- -------------------- ----------                                           
12201 张润发                       92                                           
12203 王小丫                       95                                           

SQL> create view v1 as select * from student where ssex='女';

视图已创建。

SQL> create index score_idx on score desc;
create index score_idx on score desc
                                *
第 1 行出现错误: 
ORA-00906: 缺失左括号 


SQL> edit
已写入 file afiedt.buf

  1* create index score_idx on student(score) desc
SQL> ;
  1* create index score_idx on student(score) desc
SQL> /
create index score_idx on student(score) desc
                                         *
第 1 行出现错误: 
ORA-02158: 无效的 CREATE INDEX 选项 


SQL> create index score_idx on student(score desc);
create index score_idx on student(score desc)
                                  *
第 1 行出现错误: 
ORA-29900: 运算符连接不存在
ORA-06553: PLS-306: 调用 'SCORE' 时参数个数或类型错误 


SQL> create index score_idx on course(score desc);

索引已创建。

SQL> conn/as sysdba
已连接。
SQL> create or replace public synonym student for student;

同义词已创建。

SQL> create table test
  2  (
  3  stuNo integer,stuName char(8)
  4  );

表已创建。

SQL> create sequence sq1;

序列已创建。

SQL> insert into test(stuNo,stuName) values (sq1.nextval,'孙悟空');

已创建 1 行。

SQL> insert into test(stuNo,stuName) values (sq1.nextval,'孙悟饭');

已创建 1 行。

SQL> select * from test;

     STUNO STUNAME                                                              
---------- --------                                                             
         1 孙悟空                                                               
         2 孙悟饭                                                               

SQL> spool off
